#-----------------------------------------------------------
# Vivado v2018.3 (64-bit)
# SW Build 2405991 on Thu Dec  6 23:38:27 MST 2018
# IP Build 2404404 on Fri Dec  7 01:43:56 MST 2018
# Start of session at: Mon Jun  8 15:07:55 2026
# Process ID: 2416
# Current directory: C:/repos/GeneratorArbitralny/gen_arb_z_ip
# Command line: vivado.exe -gui_launcher_event rodinguilauncherevent16000 C:\repos\GeneratorArbitralny\gen_arb_z_ip\gen_arb_z_ip.xpr
# Log file: C:/repos/GeneratorArbitralny/gen_arb_z_ip/vivado.log
# Journal file: C:/repos/GeneratorArbitralny/gen_arb_z_ip\vivado.jou
#-----------------------------------------------------------
start_gui
open_project C:/repos/GeneratorArbitralny/gen_arb_z_ip/gen_arb_z_ip.xpr
update_compile_order -fileset sources_1
open_bd_design {C:/repos/GeneratorArbitralny/gen_arb_z_ip/gen_arb_z_ip.srcs/sources_1/bd/design_awg/design_awg.bd}
reset_run synth_1
launch_runs impl_1 -to_step write_bitstream -jobs 8
wait_on_run impl_1
open_run impl_1
launch_sdk -workspace C:/repos/GeneratorArbitralny/gen_arb_z_ip/gen_arb_z_ip.sdk -hwspec C:/repos/GeneratorArbitralny/gen_arb_z_ip/gen_arb_z_ip.sdk/design_awg_wrapper.hdf
