15:49:01 **** Incremental Build of configuration Debug for project awg_sim ****
make all 
make: Nothing to be done for 'all'.
15:59:24 **** Incremental Build of configuration Debug for project awg_sim ****
make all 
make: Nothing to be done for 'all'.
16:00:43 **** Incremental Build of configuration Debug for project awg_sim ****
make all 
make: Nothing to be done for 'all'.
16:08:06 **** Auto Build of configuration Debug for project awg_sim ****
make all 
'Building file: ../src/helloworld.c'
'Invoking: MicroBlaze gcc compiler'
mb-gcc -Wall -O0 -g3 -c -fmessage-length=0 -MT"src/helloworld.o" -I../../awg_sim_bsp/microblaze_0/include -mlittle-endian -mcpu=v11.0 -mxl-soft-mul -Wl,--no-relax -ffunction-sections -fdata-sections -MMD -MP -MF"src/helloworld.d" -MT"src/helloworld.o" -o "src/helloworld.o" "../src/helloworld.c"
'Finished building: ../src/helloworld.c'
' '
'Building target: awg_sim.elf'
'Invoking: MicroBlaze gcc linker'
mb-gcc -Wl,-T -Wl,../src/lscript.ld -L../../awg_sim_bsp/microblaze_0/lib -mlittle-endian -mcpu=v11.0 -mxl-soft-mul -Wl,--no-relax -Wl,--gc-sections -o "awg_sim.elf"  ./src/helloworld.o ./src/platform.o   -Wl,--start-group,-lxil,-lgcc,-lc,--end-group
'Finished building target: awg_sim.elf'
' '
'Invoking: MicroBlaze Print Size'
mb-size awg_sim.elf  |tee "awg_sim.elf.size"
   text	   data	    bss	    dec	    hex	filename
   5916	    272	   3108	   9296	   2450	awg_sim.elf
'Finished building: awg_sim.elf.size'
' '
16:09:05 **** Incremental Build of configuration Debug for project awg_sim ****
make all 
make: Nothing to be done for 'all'.
16:09:19 **** Incremental Build of configuration Debug for project awg_sim ****
make all 
make: Nothing to be done for 'all'.
